syslog.1 : ---
mail.err : ---
vmware-network.8.log : ---
fontconfig.log : ---
mail.log : ---
vmware-network.3.log : ---
vmware-network.1.log : ---
syslog.2.gz : ---
auth.log.1 : ---
faillog : ---
apport.log : ---
btmp : ---
installer : ---
bootstrap.log : ---
journal : ---
dist-upgrade : ---
apport.log.3.gz : ---
gpu-manager.log : ---
vmware-vmsvc.3.log : ---
speech-dispatcher : ---
syslog : ---
yum.log : ---
apport.log.1 : ---
vmware-vmsvc.1.log : ---
vmware-network.4.log : ---
.. : r-x
apport.log.4.gz : r-x
hp : r-x
syslog.4.gz : r-x
. : r-x
kern.log : r-x
tallylog : r-x
unattended-upgrades : r-x
dpkg.log : r-x
gdm3 : r-x
cups : r-x
mail.err.1 : r-x
vmware-network.log : r-x
vmware-network.5.log : r-x
vmware-vmsvc.2.log : r-x
wtmp : r-x
vmware : r-x
syslog.7.gz : r-x
vmware-network.6.log : r-x
apport.log.2.gz : r-x
syslog.5.gz : r-x
apt : r-x
auth.log : r-x
vmware-network.2.log : r-x
vmware-network.9.log : r-x
vmware-network.7.log : r-x
vmware-vmsvc.log : r-x
kern.log.1 : r-x
syslog.3.gz : r-x
syslog.6.gz : r-x
alternatives.log : r-x
mail.log.1 : r-x
lastlog : r-x
